[36mvite v5.4.19 [32mbuilding for production...[36m[39m
transforming...
npm : Browserslist: browsers data (caniuse-lite) is 10 months old. Please run:
At line:1 char:1
+ npm run build --silent 2>&1 | Out-File -FilePath build-output.txt -En ...
+ ~~~~~~~~~~~~~~~~~~~~~~~~~~~
    + CategoryInfo          : NotSpecified: (Browserslist: b...ld. Please run: 
   :String) [], RemoteException
    + FullyQualifiedErrorId : NativeCommandError
 
  npx update-browserslist-db@latest
  Why you should do it regularly: 
https://github.com/browserslist/update-db#readme
[32mΓ£ô[39m 2959 modules transformed.
rendering chunks...
computing gzip size...
[2mdist/[22m[32mindex.html                                                     [39m[1m[2m  1.50 kB[22m[1m[22m[2m Γöé gzip:   0.61 kB[22m
[2mdist/[22m[32massets/plus-jakarta-sans-vietnamese-400-normal-Cg2kxhWu.woff2  [39m[1m[2m  4.10 kB[22m[1m[22m
[2mdist/[22m[32massets/plus-jakarta-sans-vietnamese-600-normal-Y4VTTRme.woff2  [39m[1m[2m  4.20 kB[22m[1m[22m
[2mdist/[22m[32massets/plus-jakarta-sans-vietnamese-700-normal-CV6qDkkj.woff2  [39m[1m[2m  4.27 kB[22m[1m[22m
[2mdist/[22m[32massets/plus-jakarta-sans-vietnamese-500-normal-DiU8zqi-.woff2  [39m[1m[2m  4.28 kB[22m[1m[22m
[2mdist/[22m[32massets/syne-greek-400-normal-B4XGRaFa.woff2                    [39m[1m[2m  4.49 kB[22m[1m[22m
[2mdist/[22m[32massets/syne-greek-600-normal-BpFII5Ja.woff2                    [39m[1m[2m  4.66 kB[22m[1m[22m
[2mdist/[22m[32massets/syne-greek-700-normal-RbvlO3f8.woff2                    [39m[1m[2m  4.66 kB[22m[1m[22m
[2mdist/[22m[32massets/syne-greek-800-normal-n2LZS_yH.woff2                    [39m[1m[2m  4.68 kB[22m[1m[22m
[2mdist/[22m[32massets/plus-jakarta-sans-vietnamese-400-normal-B8TCSmUq.woff   [39m[1m[2m  5.60 kB[22m[1m[22m
[2mdist/[22m[32massets/plus-jakarta-sans-vietnamese-600-normal-5YsyKbU1.woff   [39m[1m[2m  5.74 kB[22m[1m[22m
[2mdist/[22m[32massets/plus-jakarta-sans-vietnamese-700-normal-BCh_uG_5.woff   [39m[1m[2m  5.78 kB[22m[1m[22m
[2mdist/[22m[32massets/plus-jakarta-sans-vietnamese-500-normal-CvE5C8T-.woff   [39m[1m[2m  5.79 kB[22m[1m[22m
[2mdist/[22m[32massets/syne-greek-400-normal-C1nzy5ms.woff                     [39m[1m[2m  5.84 kB[22m[1m[22m
[2mdist/[22m[32massets/syne-greek-600-normal-BJs4kvyH.woff                     [39m[1m[2m  6.02 kB[22m[1m[22m
[2mdist/[22m[32massets/syne-greek-800-normal-DtzFnRR0.woff                     [39m[1m[2m  6.03 kB[22m[1m[22m
[2mdist/[22m[32massets/syne-greek-700-normal-C01yjWE_.woff                     [39m[1m[2m  6.04 kB[22m[1m[22m
[2mdist/[22m[32massets/syne-latin-ext-400-normal-B5s6XpS5.woff2                [39m[1m[2m  6.08 kB[22m[1m[22m
[2mdist/[22m[32massets/syne-latin-ext-700-normal-DuyXglMe.woff2                [39m[1m[2m  6.28 kB[22m[1m[22m
[2mdist/[22m[32massets/syne-latin-ext-800-normal-CAQAsWuS.woff2                [39m[1m[2m  6.34 kB[22m[1m[22m
[2mdist/[22m[32massets/syne-latin-ext-600-normal-ZnizrDKU.woff2                [39m[1m[2m  6.37 kB[22m[1m[22m
[2mdist/[22m[32massets/syne-latin-ext-400-normal-DCnt6qEA.woff                 [39m[1m[2m  8.22 kB[22m[1m[22m
[2mdist/[22m[32massets/syne-latin-ext-700-normal-C-qCH-vM.woff                 [39m[1m[2m  8.47 kB[22m[1m[22m
[2mdist/[22m[32massets/syne-latin-ext-600-normal-DEzBMW8B.woff                 [39m[1m[2m  8.49 kB[22m[1m[22m
[2mdist/[22m[32massets/syne-latin-ext-800-normal-B2iBRfEf.woff                 [39m[1m[2m  8.49 kB[22m[1m[22m
[2mdist/[22m[32massets/plus-jakarta-sans-latin-ext-400-normal-D127hM_v.woff2   [39m[1m[2m 10.59 kB[22m[1m[22m
[2mdist/[22m[32massets/plus-jakarta-sans-latin-ext-500-normal-9VZagAe1.woff2   [39m[1m[2m 10.86 kB[22m[1m[22m
[2mdist/[22m[32massets/plus-jakarta-sans-latin-ext-600-normal-DQgPU_Cg.woff2   [39m[1m[2m 10.90 kB[22m[1m[22m
[2mdist/[22m[32massets/plus-jakarta-sans-latin-ext-700-normal-BajbvANd.woff2   [39m[1m[2m 11.01 kB[22m[1m[22m
[2mdist/[22m[32massets/plus-jakarta-sans-latin-400-normal-Dhut76fR.woff2       [39m[1m[2m 11.82 kB[22m[1m[22m
[2mdist/[22m[32massets/plus-jakarta-sans-latin-600-normal-DLTa1BUW.woff2       [39m[1m[2m 12.19 kB[22m[1m[22m
[2mdist/[22m[32massets/plus-jakarta-sans-latin-700-normal-CfpNZvy6.woff2       [39m[1m[2m 12.24 kB[22m[1m[22m
[2mdist/[22m[32massets/plus-jakarta-sans-latin-500-normal-Bf-nb4oT.woff2       [39m[1m[2m 12.31 kB[22m[1m[22m
[2mdist/[22m[32massets/syne-latin-400-normal-CcHADMBd.woff2                    [39m[1m[2m 13.26 kB[22m[1m[22m
[2mdist/[22m[32massets/syne-latin-800-normal-EehdNYzx.woff2                    [39m[1m[2m 13.68 kB[22m[1m[22m
[2mdist/[22m[32massets/syne-latin-700-normal-AF3Rs61n.woff2                    [39m[1m[2m 14.07 kB[22m[1m[22m
[2mdist/[22m[32massets/syne-latin-600-normal-BiwQbQXw.woff2                    [39m[1m[2m 14.34 kB[22m[1m[22m
[2mdist/[22m[32massets/plus-jakarta-sans-latin-ext-400-normal-2ppkqaOR.woff    [39m[1m[2m 15.31 kB[22m[1m[22m
[2mdist/[22m[32massets/plus-jakarta-sans-latin-ext-600-normal-B0WRRYJ1.woff    [39m[1m[2m 15.61 kB[22m[1m[22m
[2mdist/[22m[32massets/plus-jakarta-sans-latin-ext-700-normal-8-d-IyIQ.woff    [39m[1m[2m 15.62 kB[22m[1m[22m
[2mdist/[22m[32massets/plus-jakarta-sans-latin-ext-500-normal-CqEEAICU.woff    [39m[1m[2m 15.62 kB[22m[1m[22m
[2mdist/[22m[32massets/plus-jakarta-sans-latin-400-normal-BDKaGhyp.woff        [39m[1m[2m 15.73 kB[22m[1m[22m
[2mdist/[22m[32massets/plus-jakarta-sans-latin-600-normal-BR_Ojra4.woff        [39m[1m[2m 16.08 kB[22m[1m[22m
[2mdist/[22m[32massets/plus-jakarta-sans-latin-500-normal-DYtqi0QS.woff        [39m[1m[2m 16.12 kB[22m[1m[22m
[2mdist/[22m[32massets/plus-jakarta-sans-latin-700-normal-DqEcQeE5.woff        [39m[1m[2m 16.14 kB[22m[1m[22m
[2mdist/[22m[32massets/syne-latin-400-normal-CULFKXub.woff                     [39m[1m[2m 17.01 kB[22m[1m[22m
[2mdist/[22m[32massets/syne-latin-800-normal-BuJcbPcX.woff                     [39m[1m[2m 17.42 kB[22m[1m[22m
[2mdist/[22m[32massets/syne-latin-700-normal-Cd-_iCn5.woff                     [39m[1m[2m 18.09 kB[22m[1m[22m
[2mdist/[22m[32massets/syne-latin-600-normal-dRu9QuIh.woff                     [39m[1m[2m 18.24 kB[22m[1m[22m
[2mdist/[22m[35massets/index-CqPvTZwt.css                                      [39m[1m[2m 90.52 kB[22m[1m[22m[2m Γöé gzip:  22.17 kB[22m
[2mdist/[22m[36massets/index-D7lFcceH.js                                       [39m[1m[33m595.38 kB[39m[22m[2m Γöé gzip: 189.34 kB[22m
[33m
(!) Some chunks are larger than 500 kB after minification. Consider:
- Using dynamic import() to code-split the application
- Use build.rollupOptions.output.manualChunks to improve chunking: 
https://rollupjs.org/configuration-options/#output-manualchunks
- Adjust chunk size limit for this warning via 
build.chunkSizeWarningLimit.[39m
[32mΓ£ô built in 31.00s[39m
